ASxxxx Linker V03.00 + NoICE + sdld,  page 1.
Hexadecimal  [32-Bits]

Area                                    Addr        Size        Decimal Bytes (Attributes)
--------------------------------        ----        ----        ------- ----- ------------
.  .ABS.                            00000000    00000000 =           0. bytes (ABS,CON)

      Value  Global                              Global Defined In Module
      -----  --------------------------------   ------------------------
     00000000  .__.ABS.                           
     00000000  l__CABS                         
     00000000  l__DABS                         
     00000000  l__GSFINAL                      
     00000000  l__HEADER                       
     00000000  l__HEAP                         
     00000000  l__LIT                          
     00000000  s__CABS                         
     00000000  s__DABS                         
     00000000  s__HEADER                       
     00000000  s__HEADER0                      
     00000000  s__HEADER1                      
     00000000  s__HEADER10                     
     00000000  s__HEADER11                     
     00000000  s__HEADER12                     
     00000000  s__HEADER2                      
     00000000  s__HEADER3                      
     00000000  s__HEADER4                      
     00000000  s__HEADER5                      
     00000000  s__HEADER6                      
     00000000  s__HEADER7                      
     00000000  s__HEADER8                      
     00000000  s__HEADER9                      
     00000000  s__HEADERa                      
     00000000  s__HEADERb                      
     00000000  s__HEADERc                      
     00000000  s__HEADERd                      
     00000000  s__HEADERe                      
     00000000  s__HEADERf                      
     00000001  l__GSINITTAIL                   
     00000001  l__HEADER0                      
     00000001  l__HEADER12                     
     00000001  l__HEADERa                      
     00000001  l__HEADERb                      
     00000001  l__HEADERc                      
     00000001  l__HEADERe                      
     00000001  l__HEADERf                      
     00000002  l__HEADER10                     
     00000002  l__HEADERd                      
     00000003  l__HEADER9                      
     00000006  l__HEADER8                      
     00000007  l__HEADER2                      
     00000007  l__HEADER3                      
     00000007  l__HEADER4                      
     00000007  l__HEADER5                      
     0000000A  l__GSINIT                       
     00000010  l__HEADER1                      
     0000001F  l__HEADER6                      
     00000034  l__HEADER7                      
     0000003B  l__DATA                         
ASxxxx Linker V03.00 + NoICE + sdld,  page 2.
Hexadecimal  [32-Bits]

Area                                    Addr        Size        Decimal Bytes (Attributes)
--------------------------------        ----        ----        ------- ----- ------------
.  .ABS.                            00000000    00000000 =           0. bytes (ABS,CON)

      Value  Global                              Global Defined In Module
      -----  --------------------------------   ------------------------
     0000005B  l__BSS                          
     00000085  l__HEADER11                     
     000001AE  l__BASE                         
     00000200  s__CODE                         
     0000038A  l__HOME                         
     000009D8  l__CODE                         
     00000BD8  s__HOME                         
     00000F62  s__BASE                         
     00001110  s__GSINIT                       
     00001110  s__LIT                          
     0000111A  s__GSINITTAIL                   
     0000111B  s__GSFINAL                      
     0000C0A0  s__DATA                         
     0000C0DB  s__BSS                          
     0000C136  s__HEAP                         

ASxxxx Linker V03.00 + NoICE + sdld,  page 3.
Hexadecimal  [32-Bits]

Area                                    Addr        Size        Decimal Bytes (Attributes)
--------------------------------        ----        ----        ------- ----- ------------
_CODE                               00000200    000009D8 =        2520. bytes (REL,CON)

      Value  Global                              Global Defined In Module
      -----  --------------------------------   ------------------------
     00000200  _main                              shooting
     0000023F  _sprites                           shooting
     0000031F  _myBkgData                         shooting
     0000036F  _initGame                          shooting
     0000050A  _updatePlayer                      shooting
     000008CD  _collisionCheck                    shooting
     00000997  _rand                              rand
     000009FD  _srand                             rand
     00000A11  __rand                             
     00000A11  __randw                            
     00000A3C  __divsuchar                        
     00000A4B  __modsuchar                        
     00000A57  __divuschar                        
     00000A69  __moduschar                        
     00000A79  __divschar                         
     00000A87  __modschar                         
     00000A93  __divsint                          
     00000AA7  __modsint                          
     00000AB9  __divuchar                         
     00000AC7  __moduchar                         
     00000AD3  __divuint                          
     00000AE7  __moduint                          
     00000AF9  .div8                              
     00000AF9  .mod8                              
     00000B01  .div16                             
     00000B01  .mod16                             
     00000B37  .divu8                             
     00000B37  .modu8                             
     00000B3A  .divu16                            
     00000B3A  .modu16                            
     00000B7B  __mulsuchar                        
     00000B85  __muluschar                        
     00000B8F  __mulschar                         
     00000BA2  __muluchar                         
     00000BAF  __mulint                           

ASxxxx Linker V03.00 + NoICE + sdld,  page 4.
Hexadecimal  [32-Bits]

Area                                    Addr        Size        Decimal Bytes (Attributes)
--------------------------------        ----        ----        ------- ----- ------------
_HEADER0                            00000000    00000001 =           1. bytes (ABS,CON)

      Value  Global                              Global Defined In Module
      -----  --------------------------------   ------------------------
ASxxxx Linker V03.00 + NoICE + sdld,  page 5.
Hexadecimal  [32-Bits]

Area                                    Addr        Size        Decimal Bytes (Attributes)
--------------------------------        ----        ----        ------- ----- ------------
_HEADER1                            00000000    00000010 =          16. bytes (ABS,CON)

      Value  Global                              Global Defined In Module
      -----  --------------------------------   ------------------------
ASxxxx Linker V03.00 + NoICE + sdld,  page 6.
Hexadecimal  [32-Bits]

Area                                    Addr        Size        Decimal Bytes (Attributes)
--------------------------------        ----        ----        ------- ----- ------------
_HEADER2                            00000000    00000007 =           7. bytes (ABS,CON)

      Value  Global                              Global Defined In Module
      -----  --------------------------------   ------------------------
ASxxxx Linker V03.00 + NoICE + sdld,  page 7.
Hexadecimal  [32-Bits]

Area                                    Addr        Size        Decimal Bytes (Attributes)
--------------------------------        ----        ----        ------- ----- ------------
_HEADER3                            00000000    00000007 =           7. bytes (ABS,CON)

      Value  Global                              Global Defined In Module
      -----  --------------------------------   ------------------------
ASxxxx Linker V03.00 + NoICE + sdld,  page 8.
Hexadecimal  [32-Bits]

Area                                    Addr        Size        Decimal Bytes (Attributes)
--------------------------------        ----        ----        ------- ----- ------------
_HEADER4                            00000000    00000007 =           7. bytes (ABS,CON)

      Value  Global                              Global Defined In Module
      -----  --------------------------------   ------------------------
ASxxxx Linker V03.00 + NoICE + sdld,  page 9.
Hexadecimal  [32-Bits]

Area                                    Addr        Size        Decimal Bytes (Attributes)
--------------------------------        ----        ----        ------- ----- ------------
_HEADER5                            00000000    00000007 =           7. bytes (ABS,CON)

      Value  Global                              Global Defined In Module
      -----  --------------------------------   ------------------------
ASxxxx Linker V03.00 + NoICE + sdld,  page 10.
Hexadecimal  [32-Bits]

Area                                    Addr        Size        Decimal Bytes (Attributes)
--------------------------------        ----        ----        ------- ----- ------------
_HEADER6                            00000000    0000001F =          31. bytes (ABS,CON)

      Value  Global                              Global Defined In Module
      -----  --------------------------------   ------------------------
ASxxxx Linker V03.00 + NoICE + sdld,  page 11.
Hexadecimal  [32-Bits]

Area                                    Addr        Size        Decimal Bytes (Attributes)
--------------------------------        ----        ----        ------- ----- ------------
_HEADER7                            00000000    00000034 =          52. bytes (ABS,CON)

      Value  Global                              Global Defined In Module
      -----  --------------------------------   ------------------------
ASxxxx Linker V03.00 + NoICE + sdld,  page 12.
Hexadecimal  [32-Bits]

Area                                    Addr        Size        Decimal Bytes (Attributes)
--------------------------------        ----        ----        ------- ----- ------------
_HEADER8                            00000000    00000006 =           6. bytes (ABS,CON)

      Value  Global                              Global Defined In Module
      -----  --------------------------------   ------------------------
ASxxxx Linker V03.00 + NoICE + sdld,  page 13.
Hexadecimal  [32-Bits]

Area                                    Addr        Size        Decimal Bytes (Attributes)
--------------------------------        ----        ----        ------- ----- ------------
_HEADER9                            00000000    00000003 =           3. bytes (ABS,CON)

      Value  Global                              Global Defined In Module
      -----  --------------------------------   ------------------------
ASxxxx Linker V03.00 + NoICE + sdld,  page 14.
Hexadecimal  [32-Bits]

Area                                    Addr        Size        Decimal Bytes (Attributes)
--------------------------------        ----        ----        ------- ----- ------------
_HEADERa                            00000000    00000001 =           1. bytes (ABS,CON)

      Value  Global                              Global Defined In Module
      -----  --------------------------------   ------------------------
ASxxxx Linker V03.00 + NoICE + sdld,  page 15.
Hexadecimal  [32-Bits]

Area                                    Addr        Size        Decimal Bytes (Attributes)
--------------------------------        ----        ----        ------- ----- ------------
_HEADERb                            00000000    00000001 =           1. bytes (ABS,CON)

      Value  Global                              Global Defined In Module
      -----  --------------------------------   ------------------------
ASxxxx Linker V03.00 + NoICE + sdld,  page 16.
Hexadecimal  [32-Bits]

Area                                    Addr        Size        Decimal Bytes (Attributes)
--------------------------------        ----        ----        ------- ----- ------------
_HEADERc                            00000000    00000001 =           1. bytes (ABS,CON)

      Value  Global                              Global Defined In Module
      -----  --------------------------------   ------------------------
ASxxxx Linker V03.00 + NoICE + sdld,  page 17.
Hexadecimal  [32-Bits]

Area                                    Addr        Size        Decimal Bytes (Attributes)
--------------------------------        ----        ----        ------- ----- ------------
_HEADERd                            00000000    00000002 =           2. bytes (ABS,CON)

      Value  Global                              Global Defined In Module
      -----  --------------------------------   ------------------------
ASxxxx Linker V03.00 + NoICE + sdld,  page 18.
Hexadecimal  [32-Bits]

Area                                    Addr        Size        Decimal Bytes (Attributes)
--------------------------------        ----        ----        ------- ----- ------------
_HEADERe                            00000000    00000001 =           1. bytes (ABS,CON)

      Value  Global                              Global Defined In Module
      -----  --------------------------------   ------------------------
ASxxxx Linker V03.00 + NoICE + sdld,  page 19.
Hexadecimal  [32-Bits]

Area                                    Addr        Size        Decimal Bytes (Attributes)
--------------------------------        ----        ----        ------- ----- ------------
_HEADERf                            00000000    00000001 =           1. bytes (ABS,CON)

      Value  Global                              Global Defined In Module
      -----  --------------------------------   ------------------------
ASxxxx Linker V03.00 + NoICE + sdld,  page 20.
Hexadecimal  [32-Bits]

Area                                    Addr        Size        Decimal Bytes (Attributes)
--------------------------------        ----        ----        ------- ----- ------------
_HEADER10                           00000000    00000002 =           2. bytes (ABS,CON)

      Value  Global                              Global Defined In Module
      -----  --------------------------------   ------------------------
ASxxxx Linker V03.00 + NoICE + sdld,  page 21.
Hexadecimal  [32-Bits]

Area                                    Addr        Size        Decimal Bytes (Attributes)
--------------------------------        ----        ----        ------- ----- ------------
_HEADER11                           00000000    00000085 =         133. bytes (ABS,CON)

      Value  Global                              Global Defined In Module
      -----  --------------------------------   ------------------------
     000001D2  _exit                              Runtime

ASxxxx Linker V03.00 + NoICE + sdld,  page 22.
Hexadecimal  [32-Bits]

Area                                    Addr        Size        Decimal Bytes (Attributes)
--------------------------------        ----        ----        ------- ----- ------------
_HEADER12                           00000000    00000001 =           1. bytes (ABS,CON)

      Value  Global                              Global Defined In Module
      -----  --------------------------------   ------------------------
ASxxxx Linker V03.00 + NoICE + sdld,  page 23.
Hexadecimal  [32-Bits]

Area                                    Addr        Size        Decimal Bytes (Attributes)
--------------------------------        ----        ----        ------- ----- ------------
_HOME                               00000BD8    0000038A =         906. bytes (REL,CON)

      Value  Global                              Global Defined In Module
      -----  --------------------------------   ------------------------
     00000BD8  .set_mode                          Runtime
     00000BE8  .remove_VBL                        Runtime
     00000BEE  .remove_LCD                        Runtime
     00000BF4  .remove_TIM                        Runtime
     00000BFA  .remove_SIO                        Runtime
     00000C00  .remove_JOY                        Runtime
     00000C06  .add_VBL                           Runtime
     00000C0C  .add_LCD                           Runtime
     00000C12  .add_TIM                           Runtime
     00000C18  .add_SIO                           Runtime
     00000C1E  .add_JOY                           Runtime
     00000C24  .remove_int                        Runtime
     00000C44  .add_int                           Runtime
     00000C60  .wait_vbl_done                     Runtime
     00000C60  _wait_vbl_done                     Runtime
     00000C77  .display_off                       Runtime
     00000C77  _display_off                       Runtime
     00000C98  .serial_IO                         Runtime
     00000CC7  _mode                              Runtime
     00000CD0  _get_mode                          Runtime
     00000CD5  _enable_interrupts                 Runtime
     00000CD7  _disable_interrupts                Runtime
     00000CD9  .reset                             Runtime
     00000CD9  _reset                             Runtime
     00000CDF  _set_interrupts                    Runtime
     00000CEA  _remove_VBL                        Runtime
     00000CF5  _remove_LCD                        Runtime
     00000D00  _remove_TIM                        Runtime
     00000D0B  _remove_SIO                        Runtime
     00000D16  _remove_JOY                        Runtime
     00000D21  _add_VBL                           Runtime
     00000D2C  _add_LCD                           Runtime
     00000D37  _add_TIM                           Runtime
     00000D42  _add_SIO                           Runtime
     00000D4D  _add_JOY                           Runtime
     00000D58  _clock                             Runtime
     00000D61  __printTStates                     Runtime
     00000D62  banked_call                        Runtime
     00000D7B  banked_ret                         Runtime
     00000D84  __mullong                          _mullong

ASxxxx Linker V03.00 + NoICE + sdld,  page 24.
Hexadecimal  [32-Bits]

Area                                    Addr        Size        Decimal Bytes (Attributes)
--------------------------------        ----        ----        ------- ----- ------------
_BASE                               00000F62    000001AE =         430. bytes (REL,CON)

      Value  Global                              Global Defined In Module
      -----  --------------------------------   ------------------------
     00000F62  .mv_sprite                         
     00000F71  _move_sprite                       
     00000F7E  _set_bkg_data                      
     00000F7E  _set_win_data                      
     00000FCB  _set_sprite_data                   
     00000FFA  .padup                             
     00000FFA  _waitpadup                         
     0000100A  .jpad                              
     00001037  .wait_pad                          
     0000103E  _joypad                            
     00001043  _waitpad                           
     0000104D  .set_sprite_tile                   
     0000105A  _set_sprite_tile                   
     00001065  _initrand                          
     00001067  .initrand                          
     00001070  .copy_vram                         
     0000107F  _get_data                          
     0000107F  _set_data                          
     00001092  _set_bkg_tiles                     
     000010A6  .set_xy_wtt                        
     000010B7  .set_xy_btt                        
     000010C6  .set_xy_tt                         
     000010F7  _set_tiles                         

ASxxxx Linker V03.00 + NoICE + sdld,  page 25.
Hexadecimal  [32-Bits]

Area                                    Addr        Size        Decimal Bytes (Attributes)
--------------------------------        ----        ----        ------- ----- ------------
_GSINIT                             00001110    0000000A =          10. bytes (REL,CON)

      Value  Global                              Global Defined In Module
      -----  --------------------------------   ------------------------
     00001110  gsinit                             Runtime

ASxxxx Linker V03.00 + NoICE + sdld,  page 26.
Hexadecimal  [32-Bits]

Area                                    Addr        Size        Decimal Bytes (Attributes)
--------------------------------        ----        ----        ------- ----- ------------
_GSINITTAIL                         0000111A    00000001 =           1. bytes (REL,CON)

      Value  Global                              Global Defined In Module
      -----  --------------------------------   ------------------------
ASxxxx Linker V03.00 + NoICE + sdld,  page 27.
Hexadecimal  [32-Bits]

Area                                    Addr        Size        Decimal Bytes (Attributes)
--------------------------------        ----        ----        ------- ----- ------------
_DATA                               0000C0A0    0000003B =          59. bytes (REL,CON)

      Value  Global                              Global Defined In Module
      -----  --------------------------------   ------------------------
     0000C0A0  _i                                 shooting
     0000C0A1  _j                                 shooting
     0000C0A2  _playerX                           shooting
     0000C0A3  _playerY                           shooting
     0000C0A4  _playerDir                         shooting
     0000C0A5  _eX                                shooting
     0000C0AF  _eY                                shooting
     0000C0B9  _lastKeys                          shooting
     0000C0BA  _randomBkgTiles                    shooting
     0000C0CE  _bulletX                           shooting
     0000C0CF  _bulletY                           shooting
     0000C0D0  _bulletLive                        shooting
     0000C0D1  _bulletDir                         shooting
     0000C0D2  _shooting                          shooting
     0000C0D3  _bullets                           shooting
ASxxxx Linker V03.00 + NoICE + sdld,  page 28.
Hexadecimal  [32-Bits]

Area                                    Addr        Size        Decimal Bytes (Attributes)
--------------------------------        ----        ----        ------- ----- ------------
_BSS                                0000C0DB    0000005B =          91. bytes (REL,CON)

      Value  Global                              Global Defined In Module
      -----  --------------------------------   ------------------------
     0000C0DB  __cpu                              Runtime
     0000C0DC  .mode                              Runtime
     0000C0DD  __io_out                           Runtime
     0000C0DE  __io_in                            Runtime
     0000C0DF  __io_status                        Runtime
     0000C0E0  .vbl_done                          Runtime
     0000C0E1  __current_bank                     Runtime
     0000C0E2  .sys_time                          Runtime
     0000C0E2  _sys_time                          Runtime
     0000C0E4  .int_0x40                          Runtime
     0000C0F4  .int_0x48                          Runtime
     0000C104  .int_0x50                          Runtime
     0000C114  .int_0x58                          Runtime
     0000C124  .int_0x60                          Runtime
     0000C134  .randhi                            
     0000C135  .randlo                            

ASxxxx Linker V03.00 + NoICE + sdld,  page 29.
Hexadecimal  [32-Bits]

Area                                    Addr        Size        Decimal Bytes (Attributes)
--------------------------------        ----        ----        ------- ----- ------------
_HEAP                               0000C136    00000000 =           0. bytes (REL,CON)

      Value  Global                              Global Defined In Module
      -----  --------------------------------   ------------------------
     0000C136  _malloc_heap_start                 Runtime

ASxxxx Linker V03.00 + NoICE + sdld,  page 30.

Files Linked                              [ module(s) ]

/Users/egg/code/gbdk-n/bin/../lib/crt0.rel
                                          [ Runtime ]
shooting.rel                              [ shooting ]


Libraries Linked                          [ object file ]

/opt/local/bin/../share/sdcc/lib/gbz80/gbz80.lib
                                          [ rand.rel ]
/Users/egg/code/gbdk-n/bin/../lib/gb.lib  [ mv_spr ]
/Users/egg/code/gbdk-n/bin/../lib/gb.lib  [ set_data ]
/Users/egg/code/gbdk-n/bin/../lib/gb.lib  [ pad ]
/Users/egg/code/gbdk-n/bin/../lib/gb.lib  [ set_spr ]
/Users/egg/code/gbdk-n/bin/../lib/gb.lib  [ rand ]
/opt/local/bin/../share/sdcc/lib/gbz80/gbz80.lib
                                          [ _mullong.rel ]
/opt/local/bin/../share/sdcc/lib/gbz80/gbz80.lib
                                          [ div.rel ]
/Users/egg/code/gbdk-n/bin/../lib/gb.lib  [ cpy_data ]
/Users/egg/code/gbdk-n/bin/../lib/gb.lib  [ set_bk_t ]
/opt/local/bin/../share/sdcc/lib/gbz80/gbz80.lib
                                          [ mul.rel ]
/Users/egg/code/gbdk-n/bin/../lib/gb.lib  [ set_xy_t ]

ASxxxx Linker V03.00 + NoICE + sdld,  page 31.

User Base Address Definitions

_CODE = 0x0200
_DATA = 0xc0a0

